// Jest Snapshot v1, https://goo.gl/fbAQLP

exports[`Button Render 1`] = `
<DocumentFragment>
  <button
    aria-label="panel-button"
    class="test"
  >
    Button
  </button>
</DocumentFragment>
`;
